<html>
<body>
<pre>
<h1>µVision Build Log</h1>
<h2>Tool Versions:</h2>
IDE-Version: ¦ÌVision V5.23.0.0
Copyright (C) 2017 ARM Ltd and ARM Germany GmbH. All rights reserved.
License Information: wendell wendell, Microsoft, LIC=LSNII-TCYJB-2LACT-R446A-DIAFQ-PA50P
 
Tool Versions:
Toolchain:       MDK-ARM Plus  Version: 5.23
Toolchain Path:  D:\Keil_v5\ARM\ARMCC\Bin
C Compiler:      Armcc.exe V5.06 update 4 (build 422)
Assembler:       Armasm.exe V5.06 update 4 (build 422)
Linker/Locator:  ArmLink.exe V5.06 update 4 (build 422)
Library Manager: ArmAr.exe V5.06 update 4 (build 422)
Hex Converter:   FromElf.exe V5.06 update 4 (build 422)
CPU DLL:         SARMCM3.DLL V5.23
Dialog DLL:      DCM.DLL V1.15.0.0
Target DLL:      Segger\JL2CM3.dll V2.99.23.0
Dialog DLL:      TCM.DLL V1.27.0.0
 
<h2>Project:</h2>
G:\ProjectMDK\1.NOS\1.Template(BSP)\Project\temp.uvprojx
Project File Date:  03/20/2019

<h2>Output:</h2>
*** Using Compiler 'V5.06 update 4 (build 422)', folder: 'D:\Keil_v5\ARM\ARMCC\Bin'
Build target 'Template'
compiling app_led.c...
compiling main.c...
..\User\app\main.c(51): warning:  #223-D: function "APP_LED_Test" declared implicitly
  		APP_LED_Test();
..\User\app\main.c: 1 warning, 0 errors
compiling app.c...
compiling fml.c...
compiling fml_led.c...
compiling bsp.c...
compiling stm32f4xx_it.c...
compiling bsp_gpio.c...
..\User\bsp\src\bsp_gpio.c(151): warning:  #550-D: variable "GetValue"  was set but never used
  	int16_t  GetValue;
..\User\bsp\src\bsp_gpio.c: 1 warning, 0 errors
compiling bsp_sysclk_cfg.c...
compiling system_stm32f4xx.c...
assembling startup_stm32f429xx.s...
compiling stm32f4xx_hal_msp.c...
compiling stm32f4xx_assert.c...
compiling stm32f4xx_hal.c...
compiling stm32f4xx_hal_pwr.c...
compiling stm32f4xx_hal_cortex.c...
compiling stm32f4xx_hal_pwr_ex.c...
compiling stm32f4xx_hal_gpio.c...
compiling stm32f4xx_hal_rcc.c...
linking...
Program Size: Code=4178 RO-data=486 RW-data=60 ZI-data=1636  
FromELF: creating hex file...
After Build - User command #1: CopyHex_Flash.bat
*** Error: CreateProcess failed, Command: 'CopyHex_Flash.bat'
".\Objects\Template.axf" - 1 Error(s), 2 Warning(s).

<h2>Collection of Component include folders:</h2>
  .\RTE\_Template
  D:\Keil_v5\ARM\PACK\Keil\STM32F4xx_DFP\2.13.0\Drivers\CMSIS\Device\ST\STM32F4xx\Include

<h2>Collection of Component Files used:</h2>
Target not created.
Build Time Elapsed:  00:02:15
</pre>
</body>
</html>
